==> ./tests/inputs/empty.txt <==

==> ./tests/inputs/one.txt <==
Ã–ne line, four words.
==> ./tests/inputs/two.txt <==
Two lines.
Four words.
==> ./tests/inputs/three.txt <==
one
two
three
four

==> ./tests/inputs/ten.txt <==
Three
lines,
four words.